// Jest Snapshot v1, https://goo.gl/fbAQLP

exports[`renders a snapshot 1`] = `
<div
  className="App pt-5"
>
  <div
    className="row"
  >
    <div
      className="col"
      style={
        Object {
          "display": "flex",
          "justifyContent": "center",
        }
      }
    >
      <div>
        <div
          className="card"
          style={
            Object {
              "width": "18rem",
            }
          }
        >
          <img
            className="card-img"
            src="lukas.jpeg"
            style={
              Object {
                "width": "200px",
              }
            }
            vatiant="top"
          />
          <div
            className="card-body"
          >
            <div
              className="card-title h5"
            >
              Lukas Linares
            </div>
            <p
              className="card-text"
            >
              I am working towards becoming a programer
            </p>
          </div>
        </div>
      </div>
    </div>
  </div>
</div>
`;
